// Jest Snapshot v1, https://goo.gl/fbAQLP

exports[`Instance List should render 1`] = `
Object {
  "asFragment": [Function],
  "baseElement": <body>
    <div>
      <h3
        class="ant-typography"
      >
        Connect to an instance
      </h3>
      <section
        class="ant-layout css-1duf56z"
      >
        <main
          class="ant-layout-content"
        >
          <div
            class="ant-row ant-row-no-wrap"
            style="margin-left: -6px; margin-right: -6px;"
          >
            <div
              class="ant-col"
              style="padding-left: 6px; padding-right: 6px; flex: 0 0 auto; min-width: 0;"
            >
              <button
                class="ant-btn ant-btn-primary css-qebjcz"
                type="button"
              >
                <span
                  aria-label="plus-circle"
                  class="anticon anticon-plus-circle"
                  role="img"
                >
                  <svg
                    aria-hidden="true"
                    data-icon="plus-circle"
                    fill="currentColor"
                    focusable="false"
                    height="1em"
                    viewBox="64 64 896 896"
                    width="1em"
                  >
                    <path
                      d="M696 480H544V328c0-4.4-3.6-8-8-8h-48c-4.4 0-8 3.6-8 8v152H328c-4.4 0-8 3.6-8 8v48c0 4.4 3.6 8 8 8h152v152c0 4.4 3.6 8 8 8h48c4.4 0 8-3.6 8-8V544h152c4.4 0 8-3.6 8-8v-48c0-4.4-3.6-8-8-8z"
                    />
                    <path
                      d="M512 64C264.6 64 64 264.6 64 512s200.6 448 448 448 448-200.6 448-448S759.4 64 512 64zm0 820c-205.4 0-372-166.6-372-372s166.6-372 372-372 372 166.6 372 372-166.6 372-372 372z"
                    />
                  </svg>
                </span>
                <span>
                  Join instance
                </span>
              </button>
            </div>
            <div
              class="ant-col"
              style="padding-left: 6px; padding-right: 6px; flex-basis: auto; min-width: 0;"
            >
              <span
                class="ant-input-affix-wrapper"
              >
                <span
                  class="ant-input-prefix"
                >
                  <span
                    aria-label="search"
                    class="anticon anticon-search"
                    role="img"
                  >
                    <svg
                      aria-hidden="true"
                      data-icon="search"
                      fill="currentColor"
                      focusable="false"
                      height="1em"
                      viewBox="64 64 896 896"
                      width="1em"
                    >
                      <path
                        d="M909.6 854.5L649.9 594.8C690.2 542.7 712 479 712 412c0-80.2-31.3-155.4-87.9-212.1-56.6-56.7-132-87.9-212.1-87.9s-155.5 31.3-212.1 87.9C143.2 256.5 112 331.8 112 412c0 80.1 31.3 155.5 87.9 212.1C256.5 680.8 331.8 712 412 712c67 0 130.6-21.8 182.7-62l259.7 259.6a8.2 8.2 0 0011.6 0l43.6-43.5a8.2 8.2 0 000-11.6zM570.4 570.4C528 612.7 471.8 636 412 636s-116-23.3-158.4-65.6C211.3 528 188 471.8 188 412s23.3-116.1 65.6-158.4C296 211.3 352.2 188 412 188s116.1 23.2 158.4 65.6S636 352.2 636 412s-23.3 116.1-65.6 158.4z"
                      />
                    </svg>
                  </span>
                </span>
                <input
                  class="ant-input"
                  placeholder="Search"
                  type="text"
                  value=""
                />
              </span>
            </div>
          </div>
          <div
            class="ant-table-wrapper css-92nstt"
          >
            <div
              class="ant-spin-nested-loading"
            >
              <div
                class="ant-spin-container"
              >
                <div
                  class="ant-table ant-table-empty"
                >
                  <div
                    class="ant-table-container"
                  >
                    <div
                      class="ant-table-content"
                    >
                      <table
                        style="table-layout: auto;"
                      >
                        <colgroup />
                        <thead
                          class="ant-table-thead"
                        >
                          <tr>
                            <th
                              class="ant-table-cell"
                            >
                              Name
                            </th>
                            <th
                              class="ant-table-cell"
                            >
                              URL
                            </th>
                          </tr>
                        </thead>
                        <tbody
                          class="ant-table-tbody"
                        >
                          <tr
                            class="ant-table-placeholder"
                          >
                            <td
                              class="ant-table-cell"
                              colspan="2"
                            >
                              <div
                                class="ant-empty ant-empty-normal"
                              >
                                <div
                                  class="ant-empty-image"
                                >
                                  <svg
                                    class="ant-empty-img-simple"
                                    height="41"
                                    viewBox="0 0 64 41"
                                    width="64"
                                    xmlns="http://www.w3.org/2000/svg"
                                  >
                                    <g
                                      fill="none"
                                      fill-rule="evenodd"
                                      transform="translate(0 1)"
                                    >
                                      <ellipse
                                        class="ant-empty-img-simple-ellipse"
                                        cx="32"
                                        cy="33"
                                        rx="32"
                                        ry="7"
                                      />
                                      <g
                                        class="ant-empty-img-simple-g"
                                        fill-rule="nonzero"
                                      >
                                        <path
                                          d="M55 12.76L44.854 1.258C44.367.474 43.656 0 42.907 0H21.093c-.749 0-1.46.474-1.947 1.257L9 12.761V22h46v-9.24z"
                                        />
                                        <path
                                          class="ant-empty-img-simple-path"
                                          d="M41.613 15.931c0-1.605.994-2.93 2.227-2.931H55v18.137C55 33.26 53.68 35 52.05 35h-40.1C10.32 35 9 33.259 9 31.137V13h11.16c1.233 0 2.227 1.323 2.227 2.928v.022c0 1.605 1.005 2.901 2.237 2.901h14.752c1.232 0 2.237-1.308 2.237-2.913v-.007z"
                                        />
                                      </g>
                                    </g>
                                  </svg>
                                </div>
                                <div
                                  class="ant-empty-description"
                                >
                                  No Data
                                </div>
                              </div>
                            </td>
                          </tr>
                        </tbody>
                      </table>
                    </div>
                  </div>
                </div>
              </div>
            </div>
          </div>
        </main>
      </section>
    </div>
  </body>,
  "container": <div>
    <h3
      class="ant-typography"
    >
      Connect to an instance
    </h3>
    <section
      class="ant-layout css-1duf56z"
    >
      <main
        class="ant-layout-content"
      >
        <div
          class="ant-row ant-row-no-wrap"
          style="margin-left: -6px; margin-right: -6px;"
        >
          <div
            class="ant-col"
            style="padding-left: 6px; padding-right: 6px; flex: 0 0 auto; min-width: 0;"
          >
            <button
              class="ant-btn ant-btn-primary css-qebjcz"
              type="button"
            >
              <span
                aria-label="plus-circle"
                class="anticon anticon-plus-circle"
                role="img"
              >
                <svg
                  aria-hidden="true"
                  data-icon="plus-circle"
                  fill="currentColor"
                  focusable="false"
                  height="1em"
                  viewBox="64 64 896 896"
                  width="1em"
                >
                  <path
                    d="M696 480H544V328c0-4.4-3.6-8-8-8h-48c-4.4 0-8 3.6-8 8v152H328c-4.4 0-8 3.6-8 8v48c0 4.4 3.6 8 8 8h152v152c0 4.4 3.6 8 8 8h48c4.4 0 8-3.6 8-8V544h152c4.4 0 8-3.6 8-8v-48c0-4.4-3.6-8-8-8z"
                  />
                  <path
                    d="M512 64C264.6 64 64 264.6 64 512s200.6 448 448 448 448-200.6 448-448S759.4 64 512 64zm0 820c-205.4 0-372-166.6-372-372s166.6-372 372-372 372 166.6 372 372-166.6 372-372 372z"
                  />
                </svg>
              </span>
              <span>
                Join instance
              </span>
            </button>
          </div>
          <div
            class="ant-col"
            style="padding-left: 6px; padding-right: 6px; flex-basis: auto; min-width: 0;"
          >
            <span
              class="ant-input-affix-wrapper"
            >
              <span
                class="ant-input-prefix"
              >
                <span
                  aria-label="search"
                  class="anticon anticon-search"
                  role="img"
                >
                  <svg
                    aria-hidden="true"
                    data-icon="search"
                    fill="currentColor"
                    focusable="false"
                    height="1em"
                    viewBox="64 64 896 896"
                    width="1em"
                  >
                    <path
                      d="M909.6 854.5L649.9 594.8C690.2 542.7 712 479 712 412c0-80.2-31.3-155.4-87.9-212.1-56.6-56.7-132-87.9-212.1-87.9s-155.5 31.3-212.1 87.9C143.2 256.5 112 331.8 112 412c0 80.1 31.3 155.5 87.9 212.1C256.5 680.8 331.8 712 412 712c67 0 130.6-21.8 182.7-62l259.7 259.6a8.2 8.2 0 0011.6 0l43.6-43.5a8.2 8.2 0 000-11.6zM570.4 570.4C528 612.7 471.8 636 412 636s-116-23.3-158.4-65.6C211.3 528 188 471.8 188 412s23.3-116.1 65.6-158.4C296 211.3 352.2 188 412 188s116.1 23.2 158.4 65.6S636 352.2 636 412s-23.3 116.1-65.6 158.4z"
                    />
                  </svg>
                </span>
              </span>
              <input
                class="ant-input"
                placeholder="Search"
                type="text"
                value=""
              />
            </span>
          </div>
        </div>
        <div
          class="ant-table-wrapper css-92nstt"
        >
          <div
            class="ant-spin-nested-loading"
          >
            <div
              class="ant-spin-container"
            >
              <div
                class="ant-table ant-table-empty"
              >
                <div
                  class="ant-table-container"
                >
                  <div
                    class="ant-table-content"
                  >
                    <table
                      style="table-layout: auto;"
                    >
                      <colgroup />
                      <thead
                        class="ant-table-thead"
                      >
                        <tr>
                          <th
                            class="ant-table-cell"
                          >
                            Name
                          </th>
                          <th
                            class="ant-table-cell"
                          >
                            URL
                          </th>
                        </tr>
                      </thead>
                      <tbody
                        class="ant-table-tbody"
                      >
                        <tr
                          class="ant-table-placeholder"
                        >
                          <td
                            class="ant-table-cell"
                            colspan="2"
                          >
                            <div
                              class="ant-empty ant-empty-normal"
                            >
                              <div
                                class="ant-empty-image"
                              >
                                <svg
                                  class="ant-empty-img-simple"
                                  height="41"
                                  viewBox="0 0 64 41"
                                  width="64"
                                  xmlns="http://www.w3.org/2000/svg"
                                >
                                  <g
                                    fill="none"
                                    fill-rule="evenodd"
                                    transform="translate(0 1)"
                                  >
                                    <ellipse
                                      class="ant-empty-img-simple-ellipse"
                                      cx="32"
                                      cy="33"
                                      rx="32"
                                      ry="7"
                                    />
                                    <g
                                      class="ant-empty-img-simple-g"
                                      fill-rule="nonzero"
                                    >
                                      <path
                                        d="M55 12.76L44.854 1.258C44.367.474 43.656 0 42.907 0H21.093c-.749 0-1.46.474-1.947 1.257L9 12.761V22h46v-9.24z"
                                      />
                                      <path
                                        class="ant-empty-img-simple-path"
                                        d="M41.613 15.931c0-1.605.994-2.93 2.227-2.931H55v18.137C55 33.26 53.68 35 52.05 35h-40.1C10.32 35 9 33.259 9 31.137V13h11.16c1.233 0 2.227 1.323 2.227 2.928v.022c0 1.605 1.005 2.901 2.237 2.901h14.752c1.232 0 2.237-1.308 2.237-2.913v-.007z"
                                      />
                                    </g>
                                  </g>
                                </svg>
                              </div>
                              <div
                                class="ant-empty-description"
                              >
                                No Data
                              </div>
                            </div>
                          </td>
                        </tr>
                      </tbody>
                    </table>
                  </div>
                </div>
              </div>
            </div>
          </div>
        </div>
      </main>
    </section>
  </div>,
  "debug": [Function],
  "findAllByAltText": [Function],
  "findAllByDisplayValue": [Function],
  "findAllByLabelText": [Function],
  "findAllByPlaceholderText": [Function],
  "findAllByRole": [Function],
  "findAllByTestId": [Function],
  "findAllByText": [Function],
  "findAllByTitle": [Function],
  "findByAltText": [Function],
  "findByDisplayValue": [Function],
  "findByLabelText": [Function],
  "findByPlaceholderText": [Function],
  "findByRole": [Function],
  "findByTestId": [Function],
  "findByText": [Function],
  "findByTitle": [Function],
  "getAllByAltText": [Function],
  "getAllByDisplayValue": [Function],
  "getAllByLabelText": [Function],
  "getAllByPlaceholderText": [Function],
  "getAllByRole": [Function],
  "getAllByTestId": [Function],
  "getAllByText": [Function],
  "getAllByTitle": [Function],
  "getByAltText": [Function],
  "getByDisplayValue": [Function],
  "getByLabelText": [Function],
  "getByPlaceholderText": [Function],
  "getByRole": [Function],
  "getByTestId": [Function],
  "getByText": [Function],
  "getByTitle": [Function],
  "queryAllByAltText": [Function],
  "queryAllByDisplayValue": [Function],
  "queryAllByLabelText": [Function],
  "queryAllByPlaceholderText": [Function],
  "queryAllByRole": [Function],
  "queryAllByTestId": [Function],
  "queryAllByText": [Function],
  "queryAllByTitle": [Function],
  "queryByAltText": [Function],
  "queryByDisplayValue": [Function],
  "queryByLabelText": [Function],
  "queryByPlaceholderText": [Function],
  "queryByRole": [Function],
  "queryByTestId": [Function],
  "queryByText": [Function],
  "queryByTitle": [Function],
  "rerender": [Function],
  "unmount": [Function],
}
`;
